This is pdfTeX, Version 3.141592653-2.6-1.40.26 (TeX Live 2025/dev/Debian) (preloaded format=pdflatex)
 restricted \write18 enabled.
entering extended mode
(./tese.tex
LaTeX2e <2024-11-01> patch level 2
L3 programming layer <2025-01-18>
(/usr/share/texlive/texmf-dist/tex/latex/base/book.cls
Document Class: book 2024/06/29 v1.4n Standard LaTeX document class
(/usr/share/texlive/texmf-dist/tex/latex/base/bk12.clo)) (./tese_new.sty)
(/usr/share/texlive/texmf-dist/tex/generic/babel/babel.sty
(/usr/share/texlive/texmf-dist/tex/generic/babel/txtbabel.def)
(/usr/share/texlive/texmf-dist/tex/generic/babel-portuges/portuges.ldf))
(/usr/share/texlive/texmf-dist/tex/latex/base/inputenc.sty)
(/usr/share/texlive/texmf-dist/tex/latex/graphics/rotating.sty
(/usr/share/texlive/texmf-dist/tex/latex/graphics/graphicx.sty
(/usr/share/texlive/texmf-dist/tex/latex/graphics/keyval.sty)
(/usr/share/texlive/texmf-dist/tex/latex/graphics/graphics.sty
(/usr/share/texlive/texmf-dist/tex/latex/graphics/trig.sty)
(/usr/share/texlive/texmf-dist/tex/latex/graphics-cfg/graphics.cfg)
(/usr/share/texlive/texmf-dist/tex/latex/graphics-def/pdftex.def)))
(/usr/share/texlive/texmf-dist/tex/latex/base/ifthen.sty))
(/usr/share/texlive/texmf-dist/tex/latex/hyperref/hyperref.sty
(/usr/share/texlive/texmf-dist/tex/generic/iftex/iftex.sty)
(/usr/share/texlive/texmf-dist/tex/latex/kvsetkeys/kvsetkeys.sty)
(/usr/share/texlive/texmf-dist/tex/generic/kvdefinekeys/kvdefinekeys.sty)
(/usr/share/texlive/texmf-dist/tex/generic/pdfescape/pdfescape.sty
(/usr/share/texlive/texmf-dist/tex/generic/ltxcmds/ltxcmds.sty)
(/usr/share/texlive/texmf-dist/tex/generic/pdftexcmds/pdftexcmds.sty
(/usr/share/texlive/texmf-dist/tex/generic/infwarerr/infwarerr.sty)))
(/usr/share/texlive/texmf-dist/tex/latex/hycolor/hycolor.sty)
(/usr/share/texlive/texmf-dist/tex/latex/hyperref/nameref.sty
(/usr/share/texlive/texmf-dist/tex/latex/refcount/refcount.sty)
(/usr/share/texlive/texmf-dist/tex/generic/gettitlestring/gettitlestring.sty
(/usr/share/texlive/texmf-dist/tex/latex/kvoptions/kvoptions.sty)))
(/usr/share/texlive/texmf-dist/tex/latex/etoolbox/etoolbox.sty)
(/usr/share/texlive/texmf-dist/tex/generic/stringenc/stringenc.sty)
(/usr/share/texlive/texmf-dist/tex/latex/hyperref/pd1enc.def)
(/usr/share/texlive/texmf-dist/tex/generic/intcalc/intcalc.sty)
(/usr/share/texlive/texmf-dist/tex/latex/hyperref/puenc.def)
(/usr/share/texlive/texmf-dist/tex/latex/url/url.sty)
(/usr/share/texlive/texmf-dist/tex/generic/bitset/bitset.sty
(/usr/share/texlive/texmf-dist/tex/generic/bigintcalc/bigintcalc.sty))
(/usr/share/texlive/texmf-dist/tex/latex/base/atbegshi-ltx.sty))
(/usr/share/texlive/texmf-dist/tex/latex/hyperref/hpdftex.def
(/usr/share/texlive/texmf-dist/tex/latex/base/atveryend-ltx.sty)
(/usr/share/texlive/texmf-dist/tex/latex/rerunfilecheck/rerunfilecheck.sty
(/usr/share/texlive/texmf-dist/tex/generic/uniquecounter/uniquecounter.sty)))
(/usr/share/texlive/texmf-dist/tex/latex/amsfonts/amsfonts.sty)
(/usr/share/texlive/texmf-dist/tex/latex/amsfonts/amssymb.sty)
(/usr/share/texlive/texmf-dist/tex/latex/algorithms/algorithmic.sty)
(/usr/share/texlive/texmf-dist/tex/latex/booktabs/booktabs.sty)
(/usr/share/texlive/texmf-dist/tex/latex/algorithms/algorithm.sty
(/usr/share/texlive/texmf-dist/tex/latex/float/float.sty))
(/usr/share/texlive/texmf-dist/tex/latex/amsmath/amsmath.sty
For additional information on amsmath, use the `?' option.
(/usr/share/texlive/texmf-dist/tex/latex/amsmath/amstext.sty
(/usr/share/texlive/texmf-dist/tex/latex/amsmath/amsgen.sty))
(/usr/share/texlive/texmf-dist/tex/latex/amsmath/amsbsy.sty)
(/usr/share/texlive/texmf-dist/tex/latex/amsmath/amsopn.sty))
(/usr/share/texlive/texmf-dist/tex/latex/tools/xspace.sty)
(/usr/share/texlive/texmf-dist/tex/latex/graphics/color.sty
(/usr/share/texlive/texmf-dist/tex/latex/graphics-cfg/color.cfg)
(/usr/share/texlive/texmf-dist/tex/latex/graphics/mathcolor.ltx))
(/usr/share/texlive/texmf-dist/tex/latex/psnfss/times.sty)
(/usr/share/texlive/texmf-dist/tex/latex/fancyhdr/fancyhdr.sty)
(/usr/share/texlive/texmf-dist/tex/latex/base/fontenc.sty
(/usr/share/texlive/texmf-dist/tex/latex/psnfss/t1ptm.fd))
(/usr/share/texlive/texmf-dist/tex/latex/biblatex/biblatex.sty
(/usr/share/texlive/texmf-dist/tex/latex/logreq/logreq.sty
(/usr/share/texlive/texmf-dist/tex/latex/logreq/logreq.def))
(/usr/share/texlive/texmf-dist/tex/latex/biblatex/blx-dm.def)
(/usr/share/texlive/texmf-dist/tex/latex/biblatex-apa/apa.dbx)
(/usr/share/texlive/texmf-dist/tex/latex/biblatex/blx-compat.def)
(/usr/share/texlive/texmf-dist/tex/latex/biblatex/biblatex.def)
(/usr/share/texlive/texmf-dist/tex/latex/biblatex-apa/apa.bbx
(/usr/share/texlive/texmf-dist/tex/latex/biblatex/bbx/standard.bbx))
(/usr/share/texlive/texmf-dist/tex/latex/biblatex-apa/apa.cbx)
(/usr/share/texlive/texmf-dist/tex/latex/biblatex/biblatex.cfg)
(/usr/share/texlive/texmf-dist/tex/latex/l3kernel/expl3.sty
(/usr/share/texlive/texmf-dist/tex/latex/l3backend/l3backend-pdftex.def))
(/usr/share/texlive/texmf-dist/tex/latex/biblatex/blx-case-expl3.sty
(/usr/share/texlive/texmf-dist/tex/latex/l3packages/xparse/xparse.sty)))
(/usr/share/texlive/texmf-dist/tex/latex/iwona/iwona.sty)
(/usr/share/texlive/texmf-dist/tex/latex/acronym/acronym.sty
(/usr/share/texlive/texmf-dist/tex/latex/bigfoot/suffix.sty)
(/usr/share/texlive/texmf-dist/tex/generic/xstring/xstring.sty
(/usr/share/texlive/texmf-dist/tex/generic/xstring/xstring.tex)))
(/usr/share/texlive/texmf-dist/tex/latex/base/latexsym.sty)
(/usr/share/texlive/texmf-dist/tex/latex/tocbibind/tocbibind.sty

Package tocbibind Note: Using chapter style headings, unless overridden.

) (/usr/share/texlive/texmf-dist/tex/latex/wrapfig/wrapfig.sty)
(/usr/share/texlive/texmf-dist/tex/latex/caption/caption.sty
(/usr/share/texlive/texmf-dist/tex/latex/caption/caption3.sty))
(/usr/share/texlive/texmf-dist/tex/latex/tools/verbatim.sty)
(/usr/share/texlive/texmf-dist/tex/latex/semantic/semantic.sty
Semantic Package v2.0(epsilon) [2003/10/28]
CVSId: $Id: semantic.dtx,v 1.11 2003/10/28 13:45:57 turtle Exp $
Loading features: 
(/usr/share/texlive/texmf-dist/tex/latex/semantic/ligature.sty)
 math mode ligatures,
(/usr/share/texlive/texmf-dist/tex/latex/semantic/infernce.sty)
 inference rules,
(/usr/share/texlive/texmf-dist/tex/latex/semantic/tdiagram.sty)  T diagrams,
(/usr/share/texlive/texmf-dist/tex/latex/semantic/reserved.sty)
 reserved words, (/usr/share/texlive/texmf-dist/tex/latex/semantic/shrthand.sty
)  short hands,
and general definitions.

) (/usr/share/texlive/texmf-dist/tex/latex/listings/listings.sty
(/usr/share/texlive/texmf-dist/tex/latex/listings/lstpatch.sty)
(/usr/share/texlive/texmf-dist/tex/latex/listings/lstmisc.sty)
(/usr/share/texlive/texmf-dist/tex/latex/listings/listings.cfg))
(/usr/share/texlive/texmf-dist/tex/latex/pdfpages/pdfpages.sty
(/usr/share/texlive/texmf-dist/tex/latex/tools/calc.sty)
(/usr/share/texlive/texmf-dist/tex/latex/eso-pic/eso-pic.sty)
(/usr/share/texlive/texmf-dist/tex/latex/pdfpages/pppdftex.def))
(/usr/share/texlive/texmf-dist/tex/latex/appendix/appendix.sty)
(/usr/share/texlive/texmf-dist/tex/latex/tools/multicol.sty)
(/usr/share/texlive/texmf-dist/tex/latex/multirow/multirow.sty)
(/usr/share/texlive/texmf-dist/tex/latex/caption/subcaption.sty)
Writing index file tese.idx

Package biblatex Warning: 'babel/polyglossia' detected but 'csquotes' missing.
(biblatex)                Loading 'csquotes' recommended.

(/usr/share/texlive/texmf-dist/tex/latex/iwona/t1iwona.fd) (./tese.aux
(./firstpage.aux) (./Declaration.aux) (./agradecimentos.aux) (./resumo.aux)
(./abstract.aux) (./capitulo1.aux) (./capitulo2.aux) (./capitulo3.aux)
(./capitulo4.aux) (./capitulo5.aux) (./capitulo6.aux))
(/usr/share/texlive/texmf-dist/tex/context/base/mkii/supp-pdf.mkii
[Loading MPS to PDF converter (version 2006.09.02).]
) (/usr/share/texlive/texmf-dist/tex/latex/epstopdf-pkg/epstopdf-base.sty
(/usr/share/texlive/texmf-dist/tex/latex/latexconfig/epstopdf-sys.cfg))
(./tese.out) (./tese.out)

Package biblatex Warning: File 'portuges-apa.lbx' not found!
(biblatex)                Ignoring mapping 'portuges' -> 'portuges-apa'.

(/usr/share/texlive/texmf-dist/tex/latex/biblatex/lbx/portuges.lbx
(/usr/share/texlive/texmf-dist/tex/latex/biblatex-apa/portuguese-apa.lbx
(/usr/share/texlive/texmf-dist/tex/latex/biblatex/lbx/portuguese.lbx))
(/usr/share/texlive/texmf-dist/tex/latex/biblatex-apa/portuguese-apa.lbx
(/usr/share/texlive/texmf-dist/tex/latex/biblatex/lbx/portuguese.lbx)))
(./tese.bbl) (/usr/share/texlive/texmf-dist/tex/latex/pdflscape/pdflscape.sty
(/usr/share/texlive/texmf-dist/tex/latex/pdflscape/pdflscape-nometadata.sty
(/usr/share/texlive/texmf-dist/tex/latex/graphics/lscape.sty)))

LaTeX Font Warning: Font shape `T1/tpm/m/n' undefined
(Font)              using `T1/cmr/m/n' instead on input line 60.

(./firstpage.tex (/usr/share/texlive/texmf-dist/tex/latex/iwona/ts1iwona.fd)
[1{/var/lib/texmf/fonts/map/pdftex/updmap/pdftex.map}{/usr/share/texlive/texmf-
dist/fonts/enc/dvips/iwona/ec-iwona.enc}{/usr/share/texlive/texmf-dist/fonts/en
c/dvips/iwona/ts1-iwona.enc} <./images/logo_ubi_vprincipal.jpg>]
[2]) (./Declaration.tex

LaTeX Font Warning: Font shape `T1/tpm/b/n' undefined
(Font)              using `T1/tpm/m/n' instead on input line 7.


Underfull \hbox (badness 10000) in paragraph at lines 7--9


Underfull \hbox (badness 10000) in paragraph at lines 10--12


Underfull \hbox (badness 10000) in paragraph at lines 10--12

)
[3{/usr/share/texmf/fonts/enc/dvips/cm-super/cm-super-t1.enc} <./images/signatu
re.png>]
[4] (./agradecimentos.tex)
[5] (./resumo.tex
[6])
[7] (./abstract.tex
[8])
[9]
[10] (./tese.toc (/usr/share/texlive/texmf-dist/tex/latex/iwona/ot1iwonam.fd)
(/usr/share/texlive/texmf-dist/tex/latex/iwona/omliwona.fd)
(/usr/share/texlive/texmf-dist/tex/latex/iwona/omsiwona.fd)
(/usr/share/texlive/texmf-dist/tex/latex/iwona/omxiwona.fd)
(/usr/share/texlive/texmf-dist/tex/latex/amsfonts/umsa.fd)
(/usr/share/texlive/texmf-dist/tex/latex/amsfonts/umsb.fd)
(/usr/share/texlive/texmf-dist/tex/latex/base/ulasy.fd)
[11])
[12] (./tese.lof
Overfull \hbox (21.34427pt too wide) in paragraph at lines 8--8
 [][] [][]\T1/tpm/b/n/12 Data Cen-ter Demo - Capa do jogo. Re-ti-rado de []$htt
ps : / / store . steampowered . 

Overfull \hbox (17.43265pt too wide) in paragraph at lines 12--12
 [][] [][]\T1/tpm/b/n/12 Startup Com-pany - Capa do jogo. Re-ti-rado de []$http
s : / / store . steampowered . 

Overfull \hbox (39.73036pt too wide) in paragraph at lines 13--13
 \T1/tpm/b/n/12 Re-ti-rado de []$https : / / store . steampowered . com / app /
 606800 / Startup _ Company / 

Overfull \hbox (10.52774pt too wide) in paragraph at lines 15--15
 \T1/tpm/b/n/12 de []$https : / / store . steampowered . com / app / 606800 / S
tartup _ Company / ?l = 
)
Underfull \vbox (badness 7468) has occurred while \output is active
[13]
[14] (./capitulo1.tex
Cap\'{\i }tulo 1.

[1])

LaTeX Font Warning: Font shape `T1/iwona/m/sl' undefined
(Font)              using `T1/iwona/m/it' instead on input line 96.

[2] (./capitulo2.tex
Cap\'{\i }tulo 2.

LaTeX Warning: `h' float specifier changed to `ht'.


LaTeX Warning: `h' float specifier changed to `ht'.


LaTeX Font Warning: Font shape `T1/tpm/m/it' undefined
(Font)              using `T1/tpm/m/n' instead on input line 44.


[3]

LaTeX Font Warning: Font shape `T1/iwona/m/sl' undefined
(Font)              using `T1/iwona/m/it' instead on input line 54.

[4 <./images/DataCenterCapa.jpg> <./images/DataCenter1.png>]
Underfull \vbox (badness 10000) has occurred while \output is active

LaTeX Font Warning: Font shape `T1/iwona/m/sl' undefined
(Font)              using `T1/iwona/m/it' instead on input line 90.

[5 <./images/PCBuildSimulator-Header.jpg>]
Underfull \hbox (badness 1163) in paragraph at lines 100--101
\T1/iwona/m/n/12 senta uma pro-posta cen-trada na si-mu-la-ção


LaTeX Font Warning: Font shape `T1/iwona/m/sl' undefined
(Font)              using `T1/iwona/m/it' instead on input line 131.

[6 <./images/PCBuildSimulator_BuildPC.png> <./images/StartUPCompany_Header.jpg>
]
Underfull \vbox (badness 10000) has occurred while \output is active

LaTeX Font Warning: Font shape `T1/iwona/m/sl' undefined
(Font)              using `T1/iwona/m/it' instead on input line 162.

[7 <./images/Startup-Metrics.jpg> <./images/Startup-Server.jpg> <./images/Start
u - humanos.png>]

LaTeX Font Warning: Font shape `T1/iwona/m/sl' undefined
(Font)              using `T1/iwona/m/it' instead on input line 194.

[8 <./images/GreyHack-Header.jpg> <./images/Grey Hack - Terminal.jpg>])

LaTeX Font Warning: Font shape `T1/iwona/m/sl' undefined
(Font)              using `T1/iwona/m/it' instead on input line 98.

[9 <./images/SoftwareInc-Header.jpg>]

LaTeX Font Warning: Font shape `T1/iwona/m/sl' undefined
(Font)              using `T1/iwona/m/it' instead on input line 98.

[10] (./capitulo3.tex
Cap\'{\i }tulo 3.
)
[11] (./capitulo4.tex

LaTeX Font Warning: Font shape `T1/iwona/m/sl' undefined
(Font)              using `T1/iwona/m/it' instead on input line 2.

[12]
Cap\'{\i }tulo 4.
)
[13] (./capitulo5.tex

LaTeX Font Warning: Font shape `T1/iwona/m/sl' undefined
(Font)              using `T1/iwona/m/it' instead on input line 2.

[14]
Cap\'{\i }tulo 5.
)
[15] (./capitulo6.tex

LaTeX Font Warning: Font shape `T1/iwona/m/sl' undefined
(Font)              using `T1/iwona/m/it' instead on input line 2.

[16]
Cap\'{\i }tulo 6.
)
[17]

LaTeX Font Warning: Font shape `T1/iwona/m/sl' undefined
(Font)              using `T1/iwona/m/it' instead on input line 108.

[18]
[19] (./tese.aux (./firstpage.aux) (./Declaration.aux) (./agradecimentos.aux)
(./resumo.aux) (./abstract.aux) (./capitulo1.aux) (./capitulo2.aux)
(./capitulo3.aux) (./capitulo4.aux) (./capitulo5.aux) (./capitulo6.aux))

LaTeX Font Warning: Some font shapes were not available, defaults substituted.

 )
(\end occurred inside a group at level 1)

### simple group (level 1) entered at line 60 ({)
### bottom level
(see the transcript file for additional information)</usr/share/texlive/texmf-d
ist/fonts/type1/nowacki/iwona/iwonab.pfb></usr/share/texlive/texmf-dist/fonts/t
ype1/nowacki/iwona/iwonar.pfb></usr/share/texlive/texmf-dist/fonts/type1/nowack
i/iwona/iwonari.pfb></usr/share/texmf/fonts/type1/public/cm-super/sfrm1200.pfb>

Output written on tese.pdf (33 pages, 8941972 bytes).
Transcript written on tese.log.
